{"archives": 24, "currentQualified": false, "files": 253, "kind": "lint-frozen-integrity"}
docs/design/causal-cost-investigation/comparison-proof/count-lint-v1.mjs:31:13 lint/style/useTemplate  FIXABLE  ━━━━━━━━━━

  i Template literals are preferred over string concatenation.
  
    29 │ 			for (const step of scenario.steps) {
    30 │ 				run.send(step);
  > 31 │ 				capture("initial-" + step.lane);
       │ 				        ^^^^^^^^^^^^^^^^^^^^^^
    32 │ 			}
    33 │ 			const before = mod.graphSnapshot(run);
  
  i Unsafe fix: Use a template literal.
  
    29 29 │   			for (const step of scenario.steps) {
    30 30 │   				run.send(step);
    31    │ - → → → → capture("initial-"·+·step.lane);
       31 │ + → → → → capture(`initial-${step.lane}`);
    32 32 │   			}
    33 33 │   			const before = mod.graphSnapshot(run);
  

docs/design/causal-cost-investigation/comparison-proof/count-lint-v1.mjs:65:2 lint/style/useTemplate  FIXABLE  ━━━━━━━━━━

  i Template literals are preferred over string concatenation.
  
    63 │ writeFileSync(
    64 │ 	path.join(out, "counts.json"),
  > 65 │ 	JSON.stringify(
       │ 	^^^^^^^^^^^^^^^
  > 66 │ 		{
        ...
  > 76 │ 		2,
  > 77 │ 	) + "\n",
       │ 	^^^^^^^^
    78 │ );
    79 │ 
  
  i Unsafe fix: Use a template literal.
  
    63 63 │   writeFileSync(
    64 64 │   	path.join(out, "counts.json"),
    65    │ - → JSON.stringify(
       65 │ + → `${JSON.stringify(
    66 66 │   		{
    67 67 │   			passed: true,
    ····· │ 
    75 75 │   		null,
    76 76 │   		2,
    77    │ - → )·+·"\n",
       77 │ + → )}\n`,
    78 78 │   );
    79 79 │   
  

docs/design/causal-cost-investigation/comparison-proof/remaining-lint-v1.mjs:17:57 lint/style/useTemplate  FIXABLE  ━━━━━━━━━━

  i Template literals are preferred over string concatenation.
  
    15 │ 	const entry = { phase, stats: mod.__take() };
    16 │ 	phases.push(entry);
  > 17 │ 	appendFileSync(path.join(out, "partial-counts.jsonl"), JSON.stringify(entry) + "\n");
       │ 	                                                       ^^^^^^^^^^^^^^^^^^^^^^^^^^^^
    18 │ }
    19 │ try {
  
  i Unsafe fix: Use a template literal.
  
    15 15 │   	const entry = { phase, stats: mod.__take() };
    16 16 │   	phases.push(entry);
    17    │ - → appendFileSync(path.join(out,·"partial-counts.jsonl"),·JSON.stringify(entry)·+·"\n");
       17 │ + → appendFileSync(path.join(out,·"partial-counts.jsonl"),·`${JSON.stringify(entry)}\n`);
    18 18 │   }
    19 19 │   try {
  

docs/design/causal-cost-investigation/comparison-proof/remaining-lint-v1.mjs:24:11 lint/style/useTemplate  FIXABLE  ━━━━━━━━━━

  i Template literals are preferred over string concatenation.
  
    22 │ 	for (const step of scenario.steps) {
    23 │ 		run.send(step);
  > 24 │ 		capture("initial-" + step.lane);
       │ 		        ^^^^^^^^^^^^^^^^^^^^^^
    25 │ 	}
    26 │ 	assert.deepEqual(mod.graphSnapshot(run), expected);
  
  i Unsafe fix: Use a template literal.
  
    22 22 │   	for (const step of scenario.steps) {
    23 23 │   		run.send(step);
    24    │ - → → capture("initial-"·+·step.lane);
       24 │ + → → capture(`initial-${step.lane}`);
    25 25 │   	}
    26 26 │   	assert.deepEqual(mod.graphSnapshot(run), expected);
  

docs/design/causal-cost-investigation/comparison-proof/remaining-lint-v1.mjs:46:3 lint/style/useTemplate  FIXABLE  ━━━━━━━━━━

  i Template literals are preferred over string concatenation.
  
    44 │ 	writeFileSync(
    45 │ 		path.join(out, "remaining-result.json"),
  > 46 │ 		JSON.stringify(
       │ 		^^^^^^^^^^^^^^^
  > 47 │ 			{
        ...
  > 56 │ 			2,
  > 57 │ 		) + "\n",
       │ 		^^^^^^^^
    58 │ 	);
    59 │ } finally {
  
  i Unsafe fix: Use a template literal.
  
    44 44 │   	writeFileSync(
    45 45 │   		path.join(out, "remaining-result.json"),
    46    │ - → → JSON.stringify(
       46 │ + → → `${JSON.stringify(
    47 47 │   			{
    48 48 │   				passed: true,
    ····· │ 
    55 55 │   			null,
    56 56 │   			2,
    57    │ - → → )·+·"\n",
       57 │ + → → )}\n`,
    58 58 │   	);
    59 59 │   } finally {
  

docs/design/causal-cost-investigation/dependency-comparison-tools/build-lint-v1.mjs:55:40 lint/style/useTemplate  FIXABLE  ━━━━━━━━━━

  i Template literals are preferred over string concatenation.
  
    53 │ 							`unexpected external ${args.path}`,
    54 │ 						);
  > 55 │ 						if (file.endsWith(".js")) file = file.slice(0, -3) + ".ts";
       │ 						                                 ^^^^^^^^^^^^^^^^^^^^^^^^^
    56 │ 						assert.ok(!file.startsWith("../") && !path.isAbsolute(file), file);
    57 │ 						return { path: file, namespace: "snapshot" };
  
  i Unsafe fix: Use a template literal.
  
     53  53 │   							`unexpected external ${args.path}`,
     54  54 │   						);
     55     │ - → → → → → → if·(file.endsWith(".js"))·file·=·file.slice(0,·-3)·+·".ts";
         55 │ + → → → → → → if·(file.endsWith(".js"))·file·=·`${file.slice(0,·-3)}.ts`;
     56  56 │   						assert.ok(!file.startsWith("../") && !path.isAbsolute(file), file);
     57  57 │   						return { path: file, namespace: "snapshot" };
  

docs/design/causal-cost-investigation/dependency-comparison-tools/build-lint-v1.mjs:78:9 lint/style/useTemplate  FIXABLE  ━━━━━━━━━━

  i Template literals are preferred over string concatenation.
  
    76 │ 							content = content.replace(
    77 │ 								target,
  > 78 │ 								target + "\n\t\t\texpected: expectedSnapshot(c.plain),",
       │ 								^^^^^^^^^^^^^^^^^^^^^^^^^^^^^^^^^^^^^^^^^^^^^^^^^^^^^^^
    79 │ 							);
    80 │ 						}
  
  i Unsafe fix: Use a template literal.
  
     76  76 │   							content = content.replace(
     77  77 │   								target,
     78     │ - → → → → → → → → target·+·"\n\t\t\texpected:·expectedSnapshot(c.plain),",
         78 │ + → → → → → → → → `${target}\n\t\t\texpected:·expectedSnapshot(c.plain),`,
     79  79 │   							);
     80  80 │   						}
  

docs/design/causal-cost-investigation/implementation-preparation/probe-lint-v1.mjs:68:21 lint/style/useTemplate  FIXABLE  ━━━━━━━━━━

  i Template literals are preferred over string concatenation.
  
    66 │ } finally {
    67 │ 	if (run && !cleaned) run.cleanup();
  > 68 │ 	writeFileSync(out, JSON.stringify(result, null, 2) + "\n");
       │ 	                   ^^^^^^^^^^^^^^^^^^^^^^^^^^^^^^^^^^^^^^
    69 │ }
    70 │ 
  
  i Unsafe fix: Use a template literal.
  
    66 66 │   } finally {
    67 67 │   	if (run && !cleaned) run.cleanup();
    68    │ - → writeFileSync(out,·JSON.stringify(result,·null,·2)·+·"\n");
       68 │ + → writeFileSync(out,·`${JSON.stringify(result,·null,·2)}\n`);
    69 69 │   }
    70 70 │   
  

docs/design/causal-cost-investigation/performance-comparison/build-lint-v1.mjs:55:40 lint/style/useTemplate  FIXABLE  ━━━━━━━━━━

  i Template literals are preferred over string concatenation.
  
    53 │ 							`unexpected external ${args.path}`,
    54 │ 						);
  > 55 │ 						if (file.endsWith(".js")) file = file.slice(0, -3) + ".ts";
       │ 						                                 ^^^^^^^^^^^^^^^^^^^^^^^^^
    56 │ 						assert.ok(!file.startsWith("../") && !path.isAbsolute(file), file);
    57 │ 						return { path: file, namespace: "snapshot" };
  
  i Unsafe fix: Use a template literal.
  
     53  53 │   							`unexpected external ${args.path}`,
     54  54 │   						);
     55     │ - → → → → → → if·(file.endsWith(".js"))·file·=·file.slice(0,·-3)·+·".ts";
         55 │ + → → → → → → if·(file.endsWith(".js"))·file·=·`${file.slice(0,·-3)}.ts`;
     56  56 │   						assert.ok(!file.startsWith("../") && !path.isAbsolute(file), file);
     57  57 │   						return { path: file, namespace: "snapshot" };
  

docs/design/causal-cost-investigation/performance-comparison/build-lint-v1.mjs:78:9 lint/style/useTemplate  FIXABLE  ━━━━━━━━━━

  i Template literals are preferred over string concatenation.
  
    76 │ 							content = content.replace(
    77 │ 								target,
  > 78 │ 								target + "\n\t\t\texpected: expectedSnapshot(c.plain),",
       │ 								^^^^^^^^^^^^^^^^^^^^^^^^^^^^^^^^^^^^^^^^^^^^^^^^^^^^^^^
    79 │ 							);
    80 │ 						}
  
  i Unsafe fix: Use a template literal.
  
     76  76 │   							content = content.replace(
     77  77 │   								target,
     78     │ - → → → → → → → → target·+·"\n\t\t\texpected:·expectedSnapshot(c.plain),",
         78 │ + → → → → → → → → `${target}\n\t\t\texpected:·expectedSnapshot(c.plain),`,
     79  79 │   							);
     80  80 │   						}
  

docs/design/causal-cost-investigation/single-version-rss-tools/test_child-lint-v1.mjs:65:17 lint/style/useTemplate  FIXABLE  ━━━━━━━━━━

  i Template literals are preferred over string concatenation.
  
    63 │ 		writeFileSync(e, JSON.stringify(entry));
    64 │ 		const r = spawnSync(process.execPath, [path.join(root, "tools/child-lint-v1.mjs"), e], {
  > 65 │ 			env: { PATH: path.dirname(process.execPath) + ":/usr/bin:/bin", LANG: "C", TZ: "UTC" },
       │ 			             ^^^^^^^^^^^^^^^^^^^^^^^^^^^^^^^^^^^^^^^^^^^^^^^^^
    66 │ 			encoding: "utf8",
    67 │ 			timeout: 10000,
  
  i Unsafe fix: Use a template literal.
  
    63 63 │   		writeFileSync(e, JSON.stringify(entry));
    64 64 │   		const r = spawnSync(process.execPath, [path.join(root, "tools/child-lint-v1.mjs"), e], {
    65    │ - → → → env:·{·PATH:·path.dirname(process.execPath)·+·":/usr/bin:/bin",·LANG:·"C",·TZ:·"UTC"·},
       65 │ + → → → env:·{·PATH:·`${path.dirname(process.execPath)}:/usr/bin:/bin`,·LANG:·"C",·TZ:·"UTC"·},
    66 66 │   			encoding: "utf8",
    67 67 │   			timeout: 10000,
  

docs/design/causal-cost-investigation/single-version-rss-v2-tools/test_child-lint-v1.mjs:65:17 lint/style/useTemplate  FIXABLE  ━━━━━━━━━━

  i Template literals are preferred over string concatenation.
  
    63 │ 		writeFileSync(e, JSON.stringify(entry));
    64 │ 		const r = spawnSync(process.execPath, [path.join(root, "tools/child-lint-v1.mjs"), e], {
  > 65 │ 			env: { PATH: path.dirname(process.execPath) + ":/usr/bin:/bin", LANG: "C", TZ: "UTC" },
       │ 			             ^^^^^^^^^^^^^^^^^^^^^^^^^^^^^^^^^^^^^^^^^^^^^^^^^
    66 │ 			encoding: "utf8",
    67 │ 			timeout: 10000,
  
  i Unsafe fix: Use a template literal.
  
    63 63 │   		writeFileSync(e, JSON.stringify(entry));
    64 64 │   		const r = spawnSync(process.execPath, [path.join(root, "tools/child-lint-v1.mjs"), e], {
    65    │ - → → → env:·{·PATH:·path.dirname(process.execPath)·+·":/usr/bin:/bin",·LANG:·"C",·TZ:·"UTC"·},
       65 │ + → → → env:·{·PATH:·`${path.dirname(process.execPath)}:/usr/bin:/bin`,·LANG:·"C",·TZ:·"UTC"·},
    66 66 │   			encoding: "utf8",
    67 67 │   			timeout: 10000,
  

docs/design/causal-cost-investigation/single-version-tools/test_child-lint-v1.mjs:65:17 lint/style/useTemplate  FIXABLE  ━━━━━━━━━━

  i Template literals are preferred over string concatenation.
  
    63 │ 		writeFileSync(e, JSON.stringify(entry));
    64 │ 		const r = spawnSync(process.execPath, [path.join(root, "tools/child-lint-v1.mjs"), e], {
  > 65 │ 			env: { PATH: path.dirname(process.execPath) + ":/usr/bin:/bin", LANG: "C", TZ: "UTC" },
       │ 			             ^^^^^^^^^^^^^^^^^^^^^^^^^^^^^^^^^^^^^^^^^^^^^^^^^
    66 │ 			encoding: "utf8",
    67 │ 			timeout: 10000,
  
  i Unsafe fix: Use a template literal.
  
    63 63 │   		writeFileSync(e, JSON.stringify(entry));
    64 64 │   		const r = spawnSync(process.execPath, [path.join(root, "tools/child-lint-v1.mjs"), e], {
    65    │ - → → → env:·{·PATH:·path.dirname(process.execPath)·+·":/usr/bin:/bin",·LANG:·"C",·TZ:·"UTC"·},
       65 │ + → → → env:·{·PATH:·`${path.dirname(process.execPath)}:/usr/bin:/bin`,·LANG:·"C",·TZ:·"UTC"·},
    66 66 │   			encoding: "utf8",
    67 67 │   			timeout: 10000,
  

docs/design/causal-cpu-wall-retained-localization-v1/verify-lint-v1.mjs:51:2 lint/style/useTemplate  FIXABLE  ━━━━━━━━━━

  i Template literals are preferred over string concatenation.
  
    49 │ writeFileSync(
    50 │ 	`${doc}/verification-lint-v1.json`,
  > 51 │ 	JSON.stringify(
       │ 	^^^^^^^^^^^^^^^
  > 52 │ 		{
        ...
  > 61 │ 		"\t",
  > 62 │ 	) + "\n",
       │ 	^^^^^^^^
    63 │ );
    64 │ console.log("RETAINED_GAP_VERIFICATION_DONE", checked);
  
  i Unsafe fix: Use a template literal.
  
    49 49 │   writeFileSync(
    50 50 │   	`${doc}/verification-lint-v1.json`,
    51    │ - → JSON.stringify(
       51 │ + → `${JSON.stringify(
    52 52 │   		{
    53 53 │   			passed: true,
    ····· │ 
    60 60 │   		null,
    61 61 │   		"\t",
    62    │ - → )·+·"\n",
       62 │ + → )}\n`,
    63 63 │   );
    64 64 │   console.log("RETAINED_GAP_VERIFICATION_DONE", checked);
  

docs/design/causal-release-allocation-v1/probe-lint-v1.mjs:68:5 lint/style/useTemplate  FIXABLE  ━━━━━━━━━━

  i Template literals are preferred over string concatenation.
  
    66 │ 			appendFileSync(
    67 │ 				path.join(out, "memory.jsonl"),
  > 68 │ 				JSON.stringify({ completed, ...memory }) + "\n",
       │ 				^^^^^^^^^^^^^^^^^^^^^^^^^^^^^^^^^^^^^^^^^^^^^^^
    69 │ 			);
    70 │ 			if (memory.rss > 268435456) throw Error("checkpoint RSS limit");
  
  i Unsafe fix: Use a template literal.
  
    66 66 │   			appendFileSync(
    67 67 │   				path.join(out, "memory.jsonl"),
    68    │ - → → → → JSON.stringify({·completed,·...memory·})·+·"\n",
       68 │ + → → → → `${JSON.stringify({·completed,·...memory·})}\n`,
    69 69 │   			);
    70 70 │   			if (memory.rss > 268435456) throw Error("checkpoint RSS limit");
  

docs/design/causal-release-allocation-v1/probe-lint-v1.mjs:78:48 lint/style/useTemplate  FIXABLE  ━━━━━━━━━━

  i Template literals are preferred over string concatenation.
  
    76 │ } finally {
    77 │ 	const result = await post("HeapProfiler.stopSampling");
  > 78 │ 	writeFileSync(path.join(out, "profile.json"), JSON.stringify(result) + "\n");
       │ 	                                              ^^^^^^^^^^^^^^^^^^^^^^^^^^^^^
    79 │ 	session.disconnect();
    80 │ 	writeFileSync(
  
  i Unsafe fix: Use a template literal.
  
    76 76 │   } finally {
    77 77 │   	const result = await post("HeapProfiler.stopSampling");
    78    │ - → writeFileSync(path.join(out,·"profile.json"),·JSON.stringify(result)·+·"\n");
       78 │ + → writeFileSync(path.join(out,·"profile.json"),·`${JSON.stringify(result)}\n`);
    79 79 │   	session.disconnect();
    80 80 │   	writeFileSync(
  

docs/design/causal-release-memory-v1/probe-lint-v1.mjs:9:22 lint/style/useTemplate  FIXABLE  ━━━━━━━━━━

  i Template literals are preferred over string concatenation.
  
     7 │ const record = (phase, n) => {
     8 │ 	const m = process.memoryUsage();
   > 9 │ 	appendFileSync(out, JSON.stringify({ phase, n, ...m }) + "\n");
       │ 	                    ^^^^^^^^^^^^^^^^^^^^^^^^^^^^^^^^^^^^^^^^^
    10 │ 	if (m.rss > 268435456) throw Error("unchanged RSS limit");
    11 │ };
  
  i Unsafe fix: Use a template literal.
  
     7  7 │   const record = (phase, n) => {
     8  8 │   	const m = process.memoryUsage();
     9    │ - → appendFileSync(out,·JSON.stringify({·phase,·n,·...m·})·+·"\n");
        9 │ + → appendFileSync(out,·`${JSON.stringify({·phase,·n,·...m·})}\n`);
    10 10 │   	if (m.rss > 268435456) throw Error("unchanged RSS limit");
    11 11 │   };
  

docs/design/causal-release-preflight-v1/run-lint-v1.mjs:9:39 lint/style/useTemplate  FIXABLE  ━━━━━━━━━━

  i Template literals are preferred over string concatenation.
  
     7 │ const root = path.resolve(process.argv[2]);
     8 │ const put = (name, value) =>
   > 9 │ 	writeFileSync(path.join(root, name), JSON.stringify(value, null, 2) + "\n", { flag: "wx" });
       │ 	                                     ^^^^^^^^^^^^^^^^^^^^^^^^^^^^^^^^^^^^^
    10 │ const digest = (bytes) => createHash("sha256").update(bytes).digest("hex");
    11 │ const binding = JSON.parse(readFileSync(path.join(root, "binding.json")));
  
  i Unsafe fix: Use a template literal.
  
     7  7 │   const root = path.resolve(process.argv[2]);
     8  8 │   const put = (name, value) =>
     9    │ - → writeFileSync(path.join(root,·name),·JSON.stringify(value,·null,·2)·+·"\n",·{·flag:·"wx"·});
        9 │ + → writeFileSync(path.join(root,·name),·`${JSON.stringify(value,·null,·2)}\n`,·{·flag:·"wx"·});
    10 10 │   const digest = (bytes) => createHash("sha256").update(bytes).digest("hex");
    11 11 │   const binding = JSON.parse(readFileSync(path.join(root, "binding.json")));
  

docs/design/causal-release-preflight-v1/run-lint-v1.mjs:27:7 lint/style/useTemplate  FIXABLE  ━━━━━━━━━━

  i Template literals are preferred over string concatenation.
  
    25 │ 			micro.push({ row, ...sample(mod, row, scenario, undefined, () => 0) });
    26 │ 		results.push({ name, pre, exact, micro, instances: 11 });
  > 27 │ 		put(name + ".result.json", results.at(-1));
       │ 		    ^^^^^^^^^^^^^^^^^^^^^
    28 │ 	}
    29 │ 	assert.deepEqual(results[0].pre.expected, results[1].pre.expected);
  
  i Unsafe fix: Use a template literal.
  
    25 25 │   			micro.push({ row, ...sample(mod, row, scenario, undefined, () => 0) });
    26 26 │   		results.push({ name, pre, exact, micro, instances: 11 });
    27    │ - → → put(name·+·".result.json",·results.at(-1));
       27 │ + → → put(`${name}.result.json`,·results.at(-1));
    28 28 │   	}
    29 29 │   	assert.deepEqual(results[0].pre.expected, results[1].pre.expected);
  

docs/design/causal-unprofiled-latency/incidents/prepare-causal-latency-baseline-lint-v1.mjs:84:2 lint/style/useTemplate  FIXABLE  ━━━━━━━━━━

  i Template literals are preferred over string concatenation.
  
     82 │ writeFileSync(
     83 │ 	resolve(root, "freeze.json"),
   > 84 │ 	JSON.stringify(
        │ 	^^^^^^^^^^^^^^^
   > 85 │ 		{
         ...
   > 97 │ 		2,
   > 98 │ 	) + "\n",
        │ 	^^^^^^^^
     99 │ );
    100 │ console.log("LATENCY_PREPARED", rows.length, jobs.length);
  
  i Unsafe fix: Use a template literal.
  
     82  82 │   writeFileSync(
     83  83 │   	resolve(root, "freeze.json"),
     84     │ - → JSON.stringify(
         84 │ + → `${JSON.stringify(
     85  85 │   		{
     86  86 │   			scope: "unprofiled latency diagnostic; user expectation about100ms, not a new formal gate",
    ······· │ 
     96  96 │   		null,
     97  97 │   		2,
     98     │ - → )·+·"\n",
         98 │ + → )}\n`,
     99  99 │   );
    100 100 │   console.log("LATENCY_PREPARED", rows.length, jobs.length);
  

Checked 1169 files in 1329ms. No fixes applied.
Found 20 infos.
check-no-raw-async: 284 files checked, no raw async outside the sanctioned boundary (26 whole-file allowlisted, 9 pattern-scoped).

DONE exit=0
