$ biome check . && tsx scripts/check-no-raw-async.ts && tsx scripts/check-typecheck.ts && pnpm --filter @graphrefly/ts test:typecheck
docs/design/causal-cpu-wall-retained-localization-v1/verify.mjs:51:2 lint/style/useTemplate  FIXABLE  ━━━━━━━━━━

  i Template literals are preferred over string concatenation.
  
    49 │ writeFileSync(
    50 │ 	`${doc}/verification.json`,
  > 51 │ 	JSON.stringify(
       │ 	^^^^^^^^^^^^^^^
  > 52 │ 		{
        ...
  > 61 │ 		"\t",
  > 62 │ 	) + "\n",
       │ 	^^^^^^^^
    63 │ );
    64 │ console.log("RETAINED_GAP_VERIFICATION_DONE", checked);
  
  i Unsafe fix: Use a template literal.
  
    49 49 │   writeFileSync(
    50 50 │   	`${doc}/verification.json`,
    51    │ - → JSON.stringify(
       51 │ + → `${JSON.stringify(
    52 52 │   		{
    53 53 │   			passed: true,
    ····· │ 
    60 60 │   		null,
    61 61 │   		"\t",
    62    │ - → )·+·"\n",
       62 │ + → )}\n`,
    63 63 │   );
    64 64 │   console.log("RETAINED_GAP_VERIFICATION_DONE", checked);
  

packages/ts/qualification/causal-occurrence/cold-v1-helper-differential.json check ━━━━━━━━━━━━━━━━━

  i The size of the file is 2.3 MiB, which exceeds the configured maximum of 1.0 MiB for this project.
    Use the `files.maxSize` configuration to change the maximum size of files processed, or `files.includes` to ignore the file.
  

packages/ts/qualification/causal-occurrence/cold-v1-incoming-differential.json check ━━━━━━━━━━━━━━━

  i The size of the file is 7.1 MiB, which exceeds the configured maximum of 1.0 MiB for this project.
    Use the `files.maxSize` configuration to change the maximum size of files processed, or `files.includes` to ignore the file.
  

packages/ts/qualification/causal-occurrence/cold-v1-standalone-comparison-final.json check ━━━━━━━━━━

  i The size of the file is 25.9 MiB, which exceeds the configured maximum of 1.0 MiB for this project.
    Use the `files.maxSize` configuration to change the maximum size of files processed, or `files.includes` to ignore the file.
  

packages/ts/qualification/causal-occurrence/cold-v1-standalone-comparison.json check ━━━━━━━━━━━━━━━

  i The size of the file is 25.7 MiB, which exceeds the configured maximum of 1.0 MiB for this project.
    Use the `files.maxSize` configuration to change the maximum size of files processed, or `files.includes` to ignore the file.
  

packages/ts/qualification/causal-occurrence/ts-v5-inputs.json check ━━━━━━━━━━━━━━━━━━━━━━━━━━━━━━━━

  i The size of the file is 8.3 MiB, which exceeds the configured maximum of 1.0 MiB for this project.
    Use the `files.maxSize` configuration to change the maximum size of files processed, or `files.includes` to ignore the file.
  

packages/ts/qualification/causal-occurrence/ts-v6-inputs.json check ━━━━━━━━━━━━━━━━━━━━━━━━━━━━━━━━

  i The size of the file is 18.8 MiB, which exceeds the configured maximum of 1.0 MiB for this project.
    Use the `files.maxSize` configuration to change the maximum size of files processed, or `files.includes` to ignore the file.
  

packages/ts/qualification/causal-occurrence/ts-v7-incoming-differential.json check ━━━━━━━━━━━━━━━━━

  i The size of the file is 7.1 MiB, which exceeds the configured maximum of 1.0 MiB for this project.
    Use the `files.maxSize` configuration to change the maximum size of files processed, or `files.includes` to ignore the file.
  

packages/ts/qualification/causal-occurrence/ts-v8-cold-inputs.json check ━━━━━━━━━━━━━━━━━━━━━━━━━━━

  i The size of the file is 61.3 MiB, which exceeds the configured maximum of 1.0 MiB for this project.
    Use the `files.maxSize` configuration to change the maximum size of files processed, or `files.includes` to ignore the file.
  

packages/ts/qualification/causal-occurrence/ts-v8-helper-differential.json check ━━━━━━━━━━━━━━━━━━━

  i The size of the file is 2.3 MiB, which exceeds the configured maximum of 1.0 MiB for this project.
    Use the `files.maxSize` configuration to change the maximum size of files processed, or `files.includes` to ignore the file.
  

packages/ts/qualification/causal-occurrence/ts-v8-incoming-differential.json check ━━━━━━━━━━━━━━━━━

  i The size of the file is 7.1 MiB, which exceeds the configured maximum of 1.0 MiB for this project.
    Use the `files.maxSize` configuration to change the maximum size of files processed, or `files.includes` to ignore the file.
  

scripts/derive-causal-cpu-driver.mjs:17:41 lint/suspicious/noTemplateCurlyInString ━━━━━━━━━━━━━━━━━

  ! Unexpected template string placeholder.
  
    15 │ 		[
    16 │ 			"          await setImmediate();",
  > 17 │ 			'          const observationName = `b${batch2}s${arms.indexOf(arm)}-${index < 100 ? "warmup" : "measured"}`;\n          if (index === 0 || index === 100) observer.start(observationName);\n          await setImmediate();',
       │ 			                                     ^^^^^^^^^
    18 │ 		],
    19 │ 		[
  
  i Turn the string into a template string.
  

Checked 915 files in 1129ms. No fixes applied.
Found 1 warning.
Found 11 infos.
check-no-raw-async: 284 files checked, no raw async outside the sanctioned boundary (26 whole-file allowlisted, 9 pattern-scoped).
typecheck: spending-alerts example (examples/spending-alerts/tsconfig.json) — clean
typecheck: keyed-rate-limit example (examples/basic/keyed-rate-limit/tsconfig.json) — clean
typecheck: 2 package(s) checked, all clean.
$ tsc --noEmit -p tsconfig.tests.json
