{"completed": 1, "total": 32, "row": "P2-lifecycle"}
{"completed": 2, "total": 32, "row": "P2-lifecycle"}
{"completed": 3, "total": 32, "row": "P2-lifecycle"}
{"completed": 4, "total": 32, "row": "P2-lifecycle"}
{"completed": 5, "total": 32, "row": "P2-lifecycle"}
{"completed": 6, "total": 32, "row": "P2-lifecycle"}
{"completed": 7, "total": 32, "row": "P2-lifecycle"}
{"completed": 8, "total": 32, "row": "P2-lifecycle"}
{"completed": 9, "total": 32, "row": "P2-lifecycle"}
{"completed": 10, "total": 32, "row": "P2-lifecycle"}
{"completed": 11, "total": 32, "row": "P2-lifecycle"}
{"completed": 12, "total": 32, "row": "P2-lifecycle"}
{"completed": 13, "total": 32, "row": "P2-lifecycle"}
{"completed": 14, "total": 32, "row": "P2-lifecycle"}
{"completed": 15, "total": 32, "row": "P2-lifecycle"}
{"completed": 16, "total": 32, "row": "P2-lifecycle"}
{"completed": 17, "total": 32, "row": "P2-lifecycle"}
{"completed": 18, "total": 32, "row": "P2-lifecycle"}
{"completed": 19, "total": 32, "row": "P2-lifecycle"}
{"completed": 20, "total": 32, "row": "P2-lifecycle"}
{"completed": 21, "total": 32, "row": "P2-lifecycle"}
{"completed": 22, "total": 32, "row": "P2-lifecycle"}
{"completed": 23, "total": 32, "row": "P2-lifecycle"}
{"completed": 24, "total": 32, "row": "P2-lifecycle"}
{"completed": 25, "total": 32, "row": "P2-lifecycle"}
{"completed": 26, "total": 32, "row": "P2-lifecycle"}
{"completed": 27, "total": 32, "row": "P2-lifecycle"}
{"completed": 28, "total": 32, "row": "P2-lifecycle"}
{"completed": 29, "total": 32, "row": "P2-lifecycle"}
{"completed": 30, "total": 32, "row": "P2-lifecycle"}
{"completed": 31, "total": 32, "row": "P2-lifecycle"}
{"completed": 32, "total": 32, "row": "P2-lifecycle"}
CAPTURE_DONE {"completed": 32, "failure": null}
PIPELINE_QUALIFIED 32fakeprocesses/3840fakesamples; mutations=["projection-arm", "slot-path", "slot-unreaped", "slot-digest", "wrong-arm", "second-module", "wrong-argv", "node-path", "missing-preflight", "sample-count", "wrong-PID", "rss-limit", "clock-limit", "projection-bytes", "coordinate", "clock-reverse", "occurrence", "release", "snapshot", "warmup", "not-run", "retry", "terminal-count"]
AUTH_SLOT_SCHEDULE_QUALIFIED 70balancedorders; zero consumers
CONTINUITY_QUALIFIED four clock rejections
