{"completed": 1, "total": 32, "row": "P2-lifecycle"}
{"completed": 2, "total": 32, "row": "P2-lifecycle"}
{"completed": 3, "total": 32, "row": "P2-lifecycle"}
{"completed": 4, "total": 32, "row": "P2-lifecycle"}
{"completed": 5, "total": 32, "row": "P2-lifecycle"}
{"completed": 6, "total": 32, "row": "P2-lifecycle"}
{"completed": 7, "total": 32, "row": "P2-lifecycle"}
{"completed": 8, "total": 32, "row": "P2-lifecycle"}
{"completed": 9, "total": 32, "row": "P2-lifecycle"}
{"completed": 10, "total": 32, "row": "P2-lifecycle"}
{"completed": 11, "total": 32, "row": "P2-lifecycle"}
{"completed": 12, "total": 32, "row": "P2-lifecycle"}
{"completed": 13, "total": 32, "row": "P2-lifecycle"}
{"completed": 14, "total": 32, "row": "P2-lifecycle"}
{"completed": 15, "total": 32, "row": "P2-lifecycle"}
{"completed": 16, "total": 32, "row": "P2-lifecycle"}
{"completed": 17, "total": 32, "row": "P2-lifecycle"}
{"completed": 18, "total": 32, "row": "P2-lifecycle"}
{"completed": 19, "total": 32, "row": "P2-lifecycle"}
{"completed": 20, "total": 32, "row": "P2-lifecycle"}
{"completed": 21, "total": 32, "row": "P2-lifecycle"}
{"completed": 22, "total": 32, "row": "P2-lifecycle"}
{"completed": 23, "total": 32, "row": "P2-lifecycle"}
{"completed": 24, "total": 32, "row": "P2-lifecycle"}
{"completed": 25, "total": 32, "row": "P2-lifecycle"}
{"completed": 26, "total": 32, "row": "P2-lifecycle"}
{"completed": 27, "total": 32, "row": "P2-lifecycle"}
{"completed": 28, "total": 32, "row": "P2-lifecycle"}
{"completed": 29, "total": 32, "row": "P2-lifecycle"}
{"completed": 30, "total": 32, "row": "P2-lifecycle"}
{"completed": 31, "total": 32, "row": "P2-lifecycle"}
{"completed": 32, "total": 32, "row": "P2-lifecycle"}
CAPTURE_DONE {"completed": 32, "failure": null}
RSS_QUALIFIED positive
{"completed": 1, "total": 32, "row": "P2-lifecycle"}
{"completed": 2, "total": 32, "row": "P2-lifecycle"}
{"completed": 3, "total": 32, "row": "P2-lifecycle"}
{"completed": 4, "total": 32, "row": "P2-lifecycle"}
{"completed": 5, "total": 32, "row": "P2-lifecycle"}
{"completed": 6, "total": 32, "row": "P2-lifecycle"}
{"completed": 7, "total": 32, "row": "P2-lifecycle"}
{"completed": 8, "total": 32, "row": "P2-lifecycle"}
{"completed": 9, "total": 32, "row": "P2-lifecycle"}
{"completed": 10, "total": 32, "row": "P2-lifecycle"}
{"completed": 11, "total": 32, "row": "P2-lifecycle"}
{"completed": 12, "total": 32, "row": "P2-lifecycle"}
{"completed": 13, "total": 32, "row": "P2-lifecycle"}
{"completed": 14, "total": 32, "row": "P2-lifecycle"}
{"completed": 15, "total": 32, "row": "P2-lifecycle"}
{"completed": 16, "total": 32, "row": "P2-lifecycle"}
{"completed": 17, "total": 32, "row": "P2-lifecycle"}
{"completed": 18, "total": 32, "row": "P2-lifecycle"}
{"completed": 19, "total": 32, "row": "P2-lifecycle"}
{"completed": 20, "total": 32, "row": "P2-lifecycle"}
{"completed": 21, "total": 32, "row": "P2-lifecycle"}
{"completed": 22, "total": 32, "row": "P2-lifecycle"}
{"completed": 23, "total": 32, "row": "P2-lifecycle"}
{"completed": 24, "total": 32, "row": "P2-lifecycle"}
{"completed": 25, "total": 32, "row": "P2-lifecycle"}
{"completed": 26, "total": 32, "row": "P2-lifecycle"}
{"completed": 27, "total": 32, "row": "P2-lifecycle"}
{"completed": 28, "total": 32, "row": "P2-lifecycle"}
{"completed": 29, "total": 32, "row": "P2-lifecycle"}
{"completed": 30, "total": 32, "row": "P2-lifecycle"}
{"completed": 31, "total": 32, "row": "P2-lifecycle"}
{"completed": 32, "total": 32, "row": "P2-lifecycle"}
CAPTURE_DONE {"completed": 32, "failure": null}
RSS_QUALIFIED terminal-zero
{"completed": 1, "total": 32, "row": "P2-lifecycle"}
{"completed": 2, "total": 32, "row": "P2-lifecycle"}
{"completed": 3, "total": 32, "row": "P2-lifecycle"}
{"completed": 4, "total": 32, "row": "P2-lifecycle"}
{"completed": 5, "total": 32, "row": "P2-lifecycle"}
{"completed": 6, "total": 32, "row": "P2-lifecycle"}
{"completed": 7, "total": 32, "row": "P2-lifecycle"}
{"completed": 8, "total": 32, "row": "P2-lifecycle"}
{"completed": 9, "total": 32, "row": "P2-lifecycle"}
{"completed": 10, "total": 32, "row": "P2-lifecycle"}
{"completed": 11, "total": 32, "row": "P2-lifecycle"}
{"completed": 12, "total": 32, "row": "P2-lifecycle"}
{"completed": 13, "total": 32, "row": "P2-lifecycle"}
{"completed": 14, "total": 32, "row": "P2-lifecycle"}
{"completed": 15, "total": 32, "row": "P2-lifecycle"}
{"completed": 16, "total": 32, "row": "P2-lifecycle"}
{"completed": 17, "total": 32, "row": "P2-lifecycle"}
{"completed": 18, "total": 32, "row": "P2-lifecycle"}
{"completed": 19, "total": 32, "row": "P2-lifecycle"}
{"completed": 20, "total": 32, "row": "P2-lifecycle"}
{"completed": 21, "total": 32, "row": "P2-lifecycle"}
{"completed": 22, "total": 32, "row": "P2-lifecycle"}
{"completed": 23, "total": 32, "row": "P2-lifecycle"}
{"completed": 24, "total": 32, "row": "P2-lifecycle"}
{"completed": 25, "total": 32, "row": "P2-lifecycle"}
{"completed": 26, "total": 32, "row": "P2-lifecycle"}
{"completed": 27, "total": 32, "row": "P2-lifecycle"}
{"completed": 28, "total": 32, "row": "P2-lifecycle"}
{"completed": 29, "total": 32, "row": "P2-lifecycle"}
{"completed": 30, "total": 32, "row": "P2-lifecycle"}
{"completed": 31, "total": 32, "row": "P2-lifecycle"}
{"completed": 32, "total": 32, "row": "P2-lifecycle"}
CAPTURE_DONE {"completed": 32, "failure": null}
RSS_QUALIFIED terminal-empty
CAPTURE_DONE {"completed": 0, "failure": "invalid RSS observation"}
RSS_QUALIFIED live-zero
CAPTURE_DONE {"completed": 0, "failure": "invalid RSS observation"}
RSS_QUALIFIED zero-with-running-state
CAPTURE_DONE {"completed": 0, "failure": "invalid RSS observation"}
RSS_QUALIFIED zombie-unreaped
CAPTURE_DONE {"completed": 0, "failure": "invalid RSS observation"}
RSS_QUALIFIED wrong-pid
CAPTURE_DONE {"completed": 0, "failure": "invalid RSS observation"}
RSS_QUALIFIED negative
CAPTURE_DONE {"completed": 0, "failure": "invalid RSS observation"}
RSS_QUALIFIED malformed
CAPTURE_DONE {"completed": 0, "failure": "invalid RSS observation"}
RSS_QUALIFIED ps-failure
CAPTURE_DONE {"completed": 0, "failure": "RSS guard"}
RSS_QUALIFIED over-limit
